
> dental-clinic-website@1.0.0 server
> nodemon server.js

[33m[nodemon] 3.1.14[39m
[33m[nodemon] to restart at any time, enter `rs`[39m
[33m[nodemon] watching path(s): *.*[39m
[33m[nodemon] watching extensions: js,mjs,cjs,json[39m
[32m[nodemon] starting `node server.js`[39m
Server is running on port 5001
Connected to SQLite database.
::1 - - [05/Sep/2026:05:50:04 +0000] "GET /api/health HTTP/1.1" 200 54 "-" "curl/8.15.0"
::1 - - [05/Sep/2026:06:14:48 +0000] "POST /api/appointments HTTP/1.1" 200 265 "http://localhost:3001/booking" "Mozilla/5.0 (Windows NT 10.0; Win64; x64) AppleWebKit/537.36 (KHTML, like Gecko) Chrome/151.0.0.0 Safari/537.36 Edg/151.0.0.0"
[32m[nodemon] restarting due to changes...[39m
[32m[nodemon] starting `node server.js`[39m
[32m[nodemon] restarting due to changes...[39m
Server is running on port 5001
Connected to SQLite database.
[32m[nodemon] starting `node server.js`[39m
Server is running on port 5001
Connected to SQLite database.
::1 - - [05/Sep/2026:06:21:12 +0000] "GET /api/health HTTP/1.1" 200 54 "-" "curl/8.15.0"
::1 - - [05/Sep/2026:06:24:50 +0000] "GET /api/appointments HTTP/1.1" 200 2373 "http://localhost:3000/admin" "Mozilla/5.0 (Windows NT 10.0; Win64; x64) AppleWebKit/537.36 (KHTML, like Gecko) Chrome/152.0.0.0 Safari/537.36"
::1 - - [05/Sep/2026:06:25:36 +0000] "POST /api/appointments HTTP/1.1" 200 263 "http://localhost:3000/booking" "Mozilla/5.0 (Windows NT 10.0; Win64; x64) AppleWebKit/537.36 (KHTML, like Gecko) Chrome/152.0.0.0 Safari/537.36"
::1 - - [05/Sep/2026:06:25:41 +0000] "GET /api/appointments HTTP/1.1" 200 2620 "http://localhost:3000/admin" "Mozilla/5.0 (Windows NT 10.0; Win64; x64) AppleWebKit/537.36 (KHTML, like Gecko) Chrome/152.0.0.0 Safari/537.36"
::1 - - [05/Sep/2026:06:30:48 +0000] "GET /api/appointments HTTP/1.1" 304 - "http://localhost:3000/admin" "Mozilla/5.0 (Windows NT 10.0; Win64; x64) AppleWebKit/537.36 (KHTML, like Gecko) Chrome/152.0.0.0 Safari/537.36"
[32m[nodemon] restarting due to changes...[39m
[32m[nodemon] starting `node server.js`[39m
Server is running on port 5001
Connected to SQLite database.
::1 - - [05/Sep/2026:06:31:49 +0000] "GET /api/appointments HTTP/1.1" 304 - "http://localhost:3000/admin" "Mozilla/5.0 (Windows NT 10.0; Win64; x64) AppleWebKit/537.36 (KHTML, like Gecko) Chrome/152.0.0.0 Safari/537.36"
::1 - - [05/Sep/2026:06:32:43 +0000] "GET /api/appointments HTTP/1.1" 304 - "http://localhost:3000/admin" "Mozilla/5.0 (Windows NT 10.0; Win64; x64) AppleWebKit/537.36 (KHTML, like Gecko) Chrome/152.0.0.0 Safari/537.36"
[32m[nodemon] restarting due to changes...[39m
[32m[nodemon] starting `node server.js`[39m
[32m[nodemon] restarting due to changes...[39m
Server is running on port 5001
Connected to SQLite database.
[32m[nodemon] starting `node server.js`[39m
Server is running on port 5001
Connected to SQLite database.
::1 - - [05/Sep/2026:06:44:57 +0000] "POST /api/appointments HTTP/1.1" 200 265 "http://localhost:3001/booking" "Mozilla/5.0 (Windows NT 10.0; Win64; x64) AppleWebKit/537.36 (KHTML, like Gecko) Chrome/151.0.0.0 Safari/537.36 Edg/151.0.0.0"
::1 - - [05/Sep/2026:06:45:08 +0000] "GET /api/appointments HTTP/1.1" 200 2869 "http://localhost:3001/admin" "Mozilla/5.0 (Windows NT 10.0; Win64; x64) AppleWebKit/537.36 (KHTML, like Gecko) Chrome/151.0.0.0 Safari/537.36 Edg/151.0.0.0"
::1 - - [05/Sep/2026:06:46:11 +0000] "GET /api/appointments HTTP/1.1" 304 - "http://localhost:3001/admin" "Mozilla/5.0 (Windows NT 10.0; Win64; x64) AppleWebKit/537.36 (KHTML, like Gecko) Chrome/151.0.0.0 Safari/537.36 Edg/151.0.0.0"
::1 - - [05/Sep/2026:06:46:11 +0000] "GET /api/appointments HTTP/1.1" 200 2869 "http://localhost:3000/admin" "Mozilla/5.0 (Windows NT 10.0; Win64; x64) AppleWebKit/537.36 (KHTML, like Gecko) Chrome/152.0.0.0 Safari/537.36"
[32m[nodemon] restarting due to changes...[39m
[32m[nodemon] starting `node server.js`[39m
node:events:497
      throw er; // Unhandled 'error' event
      ^

Error: listen EADDRINUSE: address already in use :::5001
    at Server.setupListenHandle [as _listen2] (node:net:1940:16)
    at listenInCluster (node:net:1997:12)
    at Server.listen (node:net:2102:7)
    at Function.listen (D:\DentalTest\node_modules\express\lib\application.js:635:24)
    at Object.<anonymous> (D:\DentalTest\server.js:163:5)
    at Module._compile (node:internal/modules/cjs/loader:1706:14)
    at Object..js (node:internal/modules/cjs/loader:1839:10)
    at Module.load (node:internal/modules/cjs/loader:1441:32)
    at Function._load (node:internal/modules/cjs/loader:1263:12)
    at TracingChannel.traceSync (node:diagnostics_channel:322:14)
Emitted 'error' event on Server instance at:
    at emitErrorNT (node:net:1976:8)
    at process.processTicksAndRejections (node:internal/process/task_queues:90:21) {
  code: 'EADDRINUSE',
  errno: -4091,
  syscall: 'listen',
  address: '::',
  port: 5001
}

Node.js v22.19.0
[31m[nodemon] app crashed - waiting for file changes before starting...[39m
[32m[nodemon] restarting due to changes...[39m
[32m[nodemon] starting `node server.js`[39m
Server is running on port 5001
Connected to SQLite database.
[32m[nodemon] restarting due to changes...[39m
[32m[nodemon] starting `node server.js`[39m
node:events:497
      throw er; // Unhandled 'error' event
      ^

Error: listen EADDRINUSE: address already in use :::5001
    at Server.setupListenHandle [as _listen2] (node:net:1940:16)
    at listenInCluster (node:net:1997:12)
    at Server.listen (node:net:2102:7)
    at Function.listen (D:\DentalTest\node_modules\express\lib\application.js:635:24)
    at Object.<anonymous> (D:\DentalTest\server.js:163:5)
    at Module._compile (node:internal/modules/cjs/loader:1706:14)
    at Object..js (node:internal/modules/cjs/loader:1839:10)
    at Module.load (node:internal/modules/cjs/loader:1441:32)
    at Function._load (node:internal/modules/cjs/loader:1263:12)
    at TracingChannel.traceSync (node:diagnostics_channel:322:14)
Emitted 'error' event on Server instance at:
    at emitErrorNT (node:net:1976:8)
    at process.processTicksAndRejections (node:internal/process/task_queues:90:21) {
  code: 'EADDRINUSE',
  errno: -4091,
  syscall: 'listen',
  address: '::',
  port: 5001
}

Node.js v22.19.0
[31m[nodemon] app crashed - waiting for file changes before starting...[39m
[32m[nodemon] restarting due to changes...[39m
[32m[nodemon] starting `node server.js`[39m
Server is running on port 5001
Connected to SQLite database.
[32m[nodemon] restarting due to changes...[39m
[32m[nodemon] starting `node server.js`[39m
[32m[nodemon] restarting due to changes...[39m
node:events:497
      throw er; // Unhandled 'error' event
      ^

Error: listen EADDRINUSE: address already in use :::5001
    at Server.setupListenHandle [as _listen2] (node:net:1940:16)
    at listenInCluster (node:net:1997:12)
    at Server.listen (node:net:2102:7)
    at Function.listen (D:\DentalTest\node_modules\express\lib\application.js:635:24)
    at Object.<anonymous> (D:\DentalTest\server.js:163:5)
    at Module._compile (node:internal/modules/cjs/loader:1706:14)
    at Object..js (node:internal/modules/cjs/loader:1839:10)
    at Module.load (node:internal/modules/cjs/loader:1441:32)
    at Function._load (node:internal/modules/cjs/loader:1263:12)
    at TracingChannel.traceSync (node:diagnostics_channel:322:14)
Emitted 'error' event on Server instance at:
    at emitErrorNT (node:net:1976:8)
    at process.processTicksAndRejections (node:internal/process/task_queues:90:21) {
  code: 'EADDRINUSE',
  errno: -4091,
  syscall: 'listen',
  address: '::',
  port: 5001
}

Node.js v22.19.0
[32m[nodemon] starting `node server.js`[39m
Server is running on port 5001
Connected to SQLite database.
::1 - - [05/Sep/2026:07:03:14 +0000] "POST /api/appointments HTTP/1.1" 200 267 "http://localhost:3000/booking" "Mozilla/5.0 (Windows NT 10.0; Win64; x64) AppleWebKit/537.36 (KHTML, like Gecko) Chrome/152.0.0.0 Safari/537.36"
::1 - - [05/Sep/2026:07:03:20 +0000] "GET /api/appointments HTTP/1.1" 200 3120 "http://localhost:3000/admin" "Mozilla/5.0 (Windows NT 10.0; Win64; x64) AppleWebKit/537.36 (KHTML, like Gecko) Chrome/152.0.0.0 Safari/537.36"
[32m[nodemon] restarting due to changes...[39m
[32m[nodemon] starting `node server.js`[39m
node:events:497
      throw er; // Unhandled 'error' event
      ^

Error: listen EADDRINUSE: address already in use :::5001
    at Server.setupListenHandle [as _listen2] (node:net:1940:16)
    at listenInCluster (node:net:1997:12)
    at Server.listen (node:net:2102:7)
    at Function.listen (D:\DentalTest\node_modules\express\lib\application.js:635:24)
    at Object.<anonymous> (D:\DentalTest\server.js:163:5)
    at Module._compile (node:internal/modules/cjs/loader:1706:14)
    at Object..js (node:internal/modules/cjs/loader:1839:10)
    at Module.load (node:internal/modules/cjs/loader:1441:32)
    at Function._load (node:internal/modules/cjs/loader:1263:12)
    at TracingChannel.traceSync (node:diagnostics_channel:322:14)
Emitted 'error' event on Server instance at:
    at emitErrorNT (node:net:1976:8)
    at process.processTicksAndRejections (node:internal/process/task_queues:90:21) {
  code: 'EADDRINUSE',
  errno: -4091,
  syscall: 'listen',
  address: '::',
  port: 5001
}

Node.js v22.19.0
[31m[nodemon] app crashed - waiting for file changes before starting...[39m
[32m[nodemon] restarting due to changes...[39m
[32m[nodemon] starting `node server.js`[39m
[32m[nodemon] restarting due to changes...[39m
Server is running on port 5001
Connected to SQLite database.
[32m[nodemon] starting `node server.js`[39m
node:events:497
      throw er; // Unhandled 'error' event
      ^

Error: listen EADDRINUSE: address already in use :::5001
    at Server.setupListenHandle [as _listen2] (node:net:1940:16)
    at listenInCluster (node:net:1997:12)
    at Server.listen (node:net:2102:7)
    at Function.listen (D:\DentalTest\node_modules\express\lib\application.js:635:24)
    at Object.<anonymous> (D:\DentalTest\server.js:163:5)
    at Module._compile (node:internal/modules/cjs/loader:1706:14)
    at Object..js (node:internal/modules/cjs/loader:1839:10)
    at Module.load (node:internal/modules/cjs/loader:1441:32)
    at Function._load (node:internal/modules/cjs/loader:1263:12)
    at TracingChannel.traceSync (node:diagnostics_channel:322:14)
Emitted 'error' event on Server instance at:
    at emitErrorNT (node:net:1976:8)
    at process.processTicksAndRejections (node:internal/process/task_queues:90:21) {
  code: 'EADDRINUSE',
  errno: -4091,
  syscall: 'listen',
  address: '::',
  port: 5001
}

Node.js v22.19.0
[31m[nodemon] app crashed - waiting for file changes before starting...[39m
[32m[nodemon] restarting due to changes...[39m
[32m[nodemon] starting `node server.js`[39m
Server is running on port 5001
Connected to SQLite database.
[32m[nodemon] restarting due to changes...[39m
[32m[nodemon] restarting due to changes...[39m
[32m[nodemon] starting `node server.js`[39m
Server is running on port 5001
Connected to SQLite database.
::1 - - [05/Sep/2026:07:15:59 +0000] "POST /api/appointments HTTP/1.1" 200 265 "http://localhost:3000/booking" "Mozilla/5.0 (Windows NT 10.0; Win64; x64) AppleWebKit/537.36 (KHTML, like Gecko) Chrome/152.0.0.0 Safari/537.36"
::1 - - [05/Sep/2026:07:16:11 +0000] "GET /api/appointments HTTP/1.1" 200 3369 "http://localhost:3000/admin" "Mozilla/5.0 (Windows NT 10.0; Win64; x64) AppleWebKit/537.36 (KHTML, like Gecko) Chrome/152.0.0.0 Safari/537.36"
[32m[nodemon] restarting due to changes...[39m
[32m[nodemon] starting `node server.js`[39m
Server is running on port 5001
Connected to SQLite database.
[32m[nodemon] restarting due to changes...[39m
[32m[nodemon] restarting due to changes...[39m
[32m[nodemon] starting `node server.js`[39m
Server is running on port 5001
Connected to SQLite database.
::1 - - [05/Sep/2026:07:19:43 +0000] "GET /api/appointments HTTP/1.1" 304 - "http://localhost:3000/admin" "Mozilla/5.0 (Windows NT 10.0; Win64; x64) AppleWebKit/537.36 (KHTML, like Gecko) Chrome/152.0.0.0 Safari/537.36"
